// Jest Snapshot v1, https://goo.gl/fbAQLP

exports[`Mathces snapshot 1`] = `
<div
  className="button__btn"
  data-testid="button"
>
  save
</div>
`;
